******************************************************************************
                  TI ARM Linker PC v20.2.7                     
******************************************************************************
>> Linked Mon Oct 14 11:51:41 2024

OUTPUT FILE NAME:   <PruebaGit.out>
ENTRY POINT SYMBOL: "_c_int00_noargs"  address: 00000569


MEMORY CONFIGURATION

         name            origin    length      used     unused   attr    fill
----------------------  --------  ---------  --------  --------  ----  --------
  FLASH                 00000000   00040000  00000604  0003f9fc  R  X
  SRAM                  20000000   00008000  00000210  00007df0  RW X


SEGMENT ALLOCATION MAP

run origin  load origin   length   init length attrs members
----------  ----------- ---------- ----------- ----- -------
00000000    00000000    00000608   00000608    r-x
  00000000    00000000    0000026c   0000026c    r-- .intvecs
  0000026c    0000026c    00000380   00000380    r-x .text
  000005f0    000005f0    00000018   00000018    r-- .cinit
20000000    20000000    00000210   00000000    rw-
  20000000    20000000    00000200   00000000    rw- .stack
  20000200    20000200    00000010   00000000    rw- .data


SECTION ALLOCATION MAP

 output                                  attributes/
section   page    origin      length       input sections
--------  ----  ----------  ----------   ----------------
.intvecs   0    00000000    0000026c     
                  00000000    0000026c     tm4c123gh6pm_startup_ccs.obj (.intvecs)

.text      0    0000026c    00000380     
                  0000026c    000000fc     rtsv7M4_T_le_v4SPD16_eabi.lib : fd_mul_t2.asm.obj (.text)
                  00000368    0000009c                                   : memcpy_t2.asm.obj (.text)
                  00000404    0000006e                                   : fd_tos_t2.asm.obj (.text)
                  00000472    00000068                                   : copy_decompress_lzss.c.obj (.text:decompress:lzss:__TI_decompress_lzss)
                  000004da    00000002     --HOLE-- [fill = 0]
                  000004dc    00000048     main.obj (.text)
                  00000524    00000044     rtsv7M4_T_le_v4SPD16_eabi.lib : autoinit.c.obj (.text:__TI_auto_init_nobinit_nopinit:__TI_auto_init_nobinit_nopinit)
                  00000568    00000034                                   : boot_cortex_m.c.obj (.text:_c_int00_noargs:_c_int00_noargs)
                  0000059c    0000002e                                   : i_tofd_t2.asm.obj (.text)
                  000005ca    0000000e                                   : copy_decompress_none.c.obj (.text:decompress:none:__TI_decompress_none)
                  000005d8    0000000c     tm4c123gh6pm_startup_ccs.obj (.text)
                  000005e4    00000004     rtsv7M4_T_le_v4SPD16_eabi.lib : pre_init.c.obj (.text:_system_pre_init)
                  000005e8    00000004                                   : exit.c.obj (.text:abort:abort)

.cinit     0    000005f0    00000018     
                  000005f0    00000008     (__TI_handler_table)
                  000005f8    00000007     (.cinit..data.load) [load image, compression = lzss]
                  000005ff    00000001     --HOLE-- [fill = 0]
                  00000600    00000008     (__TI_cinit_table)

.init_array 
*          0    00000000    00000000     UNINITIALIZED

.data      0    20000200    00000010     UNINITIALIZED
                  20000200    00000010     main.obj (.data)

.stack     0    20000000    00000200     UNINITIALIZED
                  20000000    00000004     rtsv7M4_T_le_v4SPD16_eabi.lib : boot_cortex_m.c.obj (.stack)
                  20000004    000001fc     --HOLE--

__llvm_prf_cnts 
*          0    20000000    00000000     UNINITIALIZED

MODULE SUMMARY

       Module                         code   ro data   rw data
       ------                         ----   -------   -------
    .\
       tm4c123gh6pm_startup_ccs.obj   12     620       0      
       main.obj                       72     0         16     
    +--+------------------------------+------+---------+---------+
       Total:                         84     620       16     
                                                              
    C:\ti\ccs1280\ccs\tools\compiler\ti-cgt-arm_20.2.7.LTS\lib\rtsv7M4_T_le_v4SPD16_eabi.lib
       fd_mul_t2.asm.obj              252    0         0      
       memcpy_t2.asm.obj              156    0         0      
       fd_tos_t2.asm.obj              110    0         0      
       copy_decompress_lzss.c.obj     104    0         0      
       autoinit.c.obj                 68     0         0      
       boot_cortex_m.c.obj            52     0         0      
       i_tofd_t2.asm.obj              46     0         0      
       copy_decompress_none.c.obj     14     0         0      
       exit.c.obj                     4      0         0      
       pre_init.c.obj                 4      0         0      
    +--+------------------------------+------+---------+---------+
       Total:                         810    0         0      
                                                              
       Stack:                         0      0         512    
       Linker Generated:              0      23        0      
    +--+------------------------------+------+---------+---------+
       Grand Total:                   894    643       528    


LINKER GENERATED COPY TABLES

__TI_cinit_table @ 00000600 records: 1, size/record: 8, table size: 8
	.data: load addr=000005f8, load size=00000007 bytes, run addr=20000200, run size=00000010 bytes, compression=lzss


LINKER GENERATED HANDLER TABLE

__TI_handler_table @ 000005f0 records: 2, size/record: 4, table size: 8
	index: 0, handler: __TI_decompress_lzss
	index: 1, handler: __TI_decompress_none


GLOBAL SYMBOLS: SORTED ALPHABETICALLY BY Name 

address   name                          
-------   ----                          
000005e9  C$$EXIT                       
000005d9  ResetISR                      
20000200  __STACK_END                   
00000200  __STACK_SIZE                  
20000200  __STACK_TOP                   
00000600  __TI_CINIT_Base               
00000608  __TI_CINIT_Limit              
000005f0  __TI_Handler_Table_Base       
000005f8  __TI_Handler_Table_Limit      
00000525  __TI_auto_init_nobinit_nopinit
00000473  __TI_decompress_lzss          
000005cb  __TI_decompress_none          
ffffffff  __TI_pprof_out_hndl           
ffffffff  __TI_prof_data_size           
ffffffff  __TI_prof_data_start          
00000000  __TI_static_base__            
00000405  __aeabi_d2f                   
0000026d  __aeabi_dmul                  
0000059d  __aeabi_i2d                   
00000369  __aeabi_memcpy                
00000369  __aeabi_memcpy4               
00000369  __aeabi_memcpy8               
ffffffff  __binit__                     
ffffffff  __c_args__                    
UNDEFED   __mpu_init                    
20000000  __stack                       
20000000  __start___llvm_prf_cnts       
20000000  __stop___llvm_prf_cnts        
00000569  _c_int00_noargs               
UNDEFED   _system_post_cinit            
000005e5  _system_pre_init              
000005e9  abort                         
ffffffff  binit                         
00000000  g_pfnVectors                  
000004dd  main                          
00000369  memcpy                        
2000020c  promedio                      
20000200  var0                          
20000204  var1                          
20000208  var2                          


GLOBAL SYMBOLS: SORTED BY Symbol Address 

address   name                          
-------   ----                          
00000000  __TI_static_base__            
00000000  g_pfnVectors                  
00000200  __STACK_SIZE                  
0000026d  __aeabi_dmul                  
00000369  __aeabi_memcpy                
00000369  __aeabi_memcpy4               
00000369  __aeabi_memcpy8               
00000369  memcpy                        
00000405  __aeabi_d2f                   
00000473  __TI_decompress_lzss          
000004dd  main                          
00000525  __TI_auto_init_nobinit_nopinit
00000569  _c_int00_noargs               
0000059d  __aeabi_i2d                   
000005cb  __TI_decompress_none          
000005d9  ResetISR                      
000005e5  _system_pre_init              
000005e9  C$$EXIT                       
000005e9  abort                         
000005f0  __TI_Handler_Table_Base       
000005f8  __TI_Handler_Table_Limit      
00000600  __TI_CINIT_Base               
00000608  __TI_CINIT_Limit              
20000000  __stack                       
20000000  __start___llvm_prf_cnts       
20000000  __stop___llvm_prf_cnts        
20000200  __STACK_END                   
20000200  __STACK_TOP                   
20000200  var0                          
20000204  var1                          
20000208  var2                          
2000020c  promedio                      
ffffffff  __TI_pprof_out_hndl           
ffffffff  __TI_prof_data_size           
ffffffff  __TI_prof_data_start          
ffffffff  __binit__                     
ffffffff  __c_args__                    
ffffffff  binit                         
UNDEFED   __mpu_init                    
UNDEFED   _system_post_cinit            

[40 symbols]
